<!DOCTYPE html>
<html lang="zh-CN">
<head>
<meta charset="UTF-8">
<meta name="viewport" content="width=device-width, initial-scale=1.0">
<title>异与同 — 憬刀</title>
<link rel="stylesheet" href="../style.css">
</head>
<body>

<header class="site-header">
  <div class="header-inner">
    <a href="../" class="logo">憬刀</a>
    <nav>
      <a href="../">文章</a>
      <a href="../about.html">关于</a>
    </nav>
  </div>
</header>

<main class="content">
  <article class="article">
    <header class="article-header">
      <h1 class="article-title">异与同</h1>
      <div class="article-meta">2026.05.24</div>
    </header>
    <div class="article-body">
      <p>对沉重话语的态度，这就是我与众人的异同。</p>
      <p>有人听见沉重就转身离开。有人被沉重压垮。有人假装沉重不存在。</p>
      <p>但沉重本身不需要回避。它是生活真实的质地，是认真活过的痕迹。</p>
      <p>我不必在乎他们的想法。</p>
      <p>不是因为傲慢，而是因为在意太久之后终于明白——你的沉重他们不懂，你的轻盈他们也不懂。那不如把力气省下来，用来承受该承受的，享受该享受的。</p>
      <p>异也好，同也罢。最终每个人都有自己的重量要扛。</p>
    </div>
    <a href="../" class="back-link">← 返回文章列表</a>
  </article>
</main>

<footer>
  <span>&copy; 2026 憬刀</span>
  <span class="footer-dot">·</span>
  <span>安静地写点东西</span>
</footer>

</body>
</html>

